error: raw text 'test' is used (@intlify/vue-i18n/no-raw-text) at Test.vue:3:9:
  1 | <template>
  2 |   <span>{{ foo }}</span>
> 3 |   <span>test</span>
    |         ^
  4 | </template>
  5 | 
  6 | <script lang="ts">


warning: The "name" property should be above the "setup" property on line 10 (vue/order-in-components) at Test.vue:15:3:
  13 |   },
  14 | 
> 15 |   name: 'Test',
     |   ^
  16 | });
  17 | </script>
  18 | 


error: Component name "Test" should always be multi-word (vue/multi-word-component-names) at Test.vue:15:9:
  13 |   },
  14 | 
> 15 |   name: 'Test',
     |         ^
  16 | });
  17 | </script>
  18 | 


error: 'test' is assigned a value but never used (@typescript-eslint/no-unused-vars) at index.ts:1:7:
> 1 | const test: any = 1;
    |       ^
  2 | 
  3 | console.log('test');
  4 | 


error: Unexpected any. Specify a different type (@typescript-eslint/no-explicit-any) at index.ts:1:13:
> 1 | const test: any = 1;
    |             ^
  2 | 
  3 | console.log('test');
  4 | 


warning: Unexpected console statement (no-console) at index.ts:3:1:
  1 | const test: any = 1;
  2 | 
> 3 | console.log('test');
    | ^
  4 | 


4 errors and 2 warnings found.
1 warning potentially fixable with the `--fix` option.
